inserted: this
inserted: month
inserted: id
inserted: like
inserted: to
inserted: discuss
inserted: superstitions
inserted: for
inserted: those
inserted: of
inserted: you
inserted: who
inserted: are
inserted: unfamiliar
inserted: with
inserted: the
inserted: term
inserted: a
inserted: superstition
inserted: is
ignored
inserted: belief
inserted: that
inserted: two
inserted: things
ignored
inserted: connected
inserted: despite
ignored
inserted: lack
ignored
inserted: any
inserted: concrete
inserted: proof
inserted: as
inserted: an
inserted: example
inserted: one
ignored
ignored
inserted: most
inserted: famous
ignored
ignored
ignored
inserted: breaking
ignored
inserted: mirror
inserted: will
inserted: curse
ignored
ignored
inserted: seven
inserted: years
ignored
inserted: bad
inserted: luck
inserted: theres
inserted: no
inserted: true
inserted: evidence
ignored
ignored
inserted: actual
inserted: causation
inserted: exists
inserted: here
inserted: yet
ignored
ignored
ignored
inserted: still
inserted: passed
inserted: down
inserted: over
inserted: generations
inserted: so
inserted: tell
inserted: us
inserted: do
ignored
inserted: subscribe
ignored
ignored
inserted: beliefs
ignored
inserted: could
inserted: be
inserted: called
ignored
inserted: if
ignored
inserted: why
ignored
ignored
inserted: have
inserted: anecdotes
ignored
inserted: your
ignored
inserted: appearing
ignored
ignored
ignored
inserted: remember
inserted: when
ignored
inserted: first
inserted: learned
ignored
ignored
ignored
ignored
ignored
ignored
inserted: dont
inserted: personally
inserted: believe
ignored
ignored
inserted: but
ignored
ignored
inserted: familial
inserted: or
inserted: cultural
ignored
ignored
inserted: youd
ignored
ignored
inserted: share
inserted: please
ignored
inserted: very
inserted: often
inserted: these
ignored
inserted: appear
inserted: evolve
inserted: and
inserted: spread
inserted: within
inserted: certain
inserted: regions
ignored
inserted: groups
ignored
inserted: ive
inserted: always
inserted: found
inserted: it
inserted: fascinating
ignored
inserted: compare
inserted: notes
ignored
ignored
ignored
ignored
inserted: theories
ignored
inserted: stories
inserted: about
inserted: how
ignored
inserted: specific
ignored
inserted: developed
ignored
inserted: feel
inserted: free
ignored
ignored
ignored
ignored
ignored
inserted: only
inserted: guidelines
ignored
ignored
ignored
inserted: general
inserted: commenting
inserted: rules
ignored
inserted: polite
ignored
ignored
inserted: use
ignored
inserted: topic
ignored
ignored
inserted: excuse
ignored
inserted: troll
ignored
inserted: insult
inserted: each
inserted: other
inserted: obligatory
inserted: soundtrack
inserted: incoming
dictionary saved in file slownik.dict
