inserted: item
inserted: scp
inserted: object
inserted: class
inserted: safe
inserted: special
inserted: containment
inserted: procedures
ignored
inserted: is
inserted: to
inserted: be
inserted: kept
inserted: inside
inserted: a
inserted: secure
inserted: video
inserted: storage
inserted: unit
inserted: at
inserted: the
inserted: media
inserted: archive
inserted: of
inserted: site
inserted: when
inserted: in
inserted: use
ignored
inserted: should
inserted: not
ignored
inserted: removed
inserted: from
inserted: its
inserted: casing
inserted: or
inserted: exposed
ignored
inserted: any
inserted: strong
inserted: magnetic
inserted: sources
ignored
inserted: betamax
inserted: home
ignored
inserted: system
inserted: and
inserted: an
inserted: analog
inserted: television
inserted: has
inserted: been
inserted: provided
ignored
inserted: observation
inserted: theatre
ignored
ignored
inserted: as
inserted: well
ignored
ignored
inserted: equipment
ignored
inserted: record
inserted: viewings
inserted: description
ignored
ignored
ignored
inserted: standard
ignored
inserted: tape
inserted: ronald
inserted: regan
inserted: cut
inserted: up
inserted: while
inserted: talking
inserted: sic
ignored
ignored
inserted: handwritten
inserted: on
ignored
inserted: adhesive
inserted: sticker
ignored
inserted: felt
inserted: tip
inserted: pen
inserted: laboratory
inserted: analysis
inserted: indicates
inserted: that
ignored
ignored
inserted: made
ignored
inserted: ordinary
inserted: material
ignored
inserted: serial
inserted: numbers
inserted: correspond
inserted: with
ignored
inserted: cassette
inserted: tapes
inserted: produced
ignored
inserted: september
ignored
ignored
inserted: was
inserted: initially
inserted: encountered
inserted: by
ignored
inserted: filing
inserted: clerk
ignored
ignored
ignored
inserted: reagan
inserted: presidential
inserted: library
ignored
inserted: who
inserted: upon
inserted: watching
inserted: it
inserted: alerted
ignored
inserted: police
ignored
ignored
inserted: intent
ignored
inserted: find
ignored
ignored
inserted: creator
ignored
inserted: press
inserted: obscenity
inserted: charges
ignored
inserted: low
inserted: level
ignored
inserted: investigation
ignored
inserted: conducted
ignored
inserted: which
inserted: point
ignored
inserted: foundation
ignored
ignored
ignored
inserted: secured
ignored
ignored
ignored
inserted: amnesiacs
inserted: were
inserted: administered
inserted: before
inserted: could
ignored
inserted: notified
inserted: further
ignored
ignored
ignored
inserted: librarys
inserted: records
ignored
ignored
inserted: personnel
inserted: failed
ignored
inserted: yield
ignored
inserted: leads
ignored
inserted: scps
inserted: origin
ignored
inserted: appears
ignored
ignored
ignored
ignored
ignored
inserted: recording
ignored
inserted: former
inserted: united
inserted: states
inserted: president
ignored
ignored
inserted: delivering
inserted: his
inserted: evil
inserted: empire
inserted: speech
ignored
ignored
inserted: national
inserted: association
ignored
inserted: evangelicals
ignored
inserted: sheraton
inserted: twin
inserted: towers
inserted: hotel
inserted: orlando
inserted: fl
ignored
inserted: however
ignored
inserted: minute
ignored
inserted: seconds
ignored
ignored
inserted: begins
ignored
inserted: deviate
inserted: heavily
inserted: eventually
inserted: resembling
inserted: no
inserted: known
ignored
inserted: ever
ignored
ignored
ignored
inserted: beginning
ignored
inserted: approximately
inserted: minutes
inserted: multiple
inserted: incisions
inserted: lacerations
ignored
inserted: penetration
inserted: wounds
inserted: can
ignored
inserted: seen
inserted: being
inserted: slowly
inserted: inflicted
inserted: though
ignored
inserted: corresponding
inserted: source
ignored
inserted: these
ignored
ignored
inserted: visible
inserted: despite
inserted: suffering
inserted: bodily
inserted: harm
ignored
inserted: would
inserted: likely
inserted: incapacitate
ignored
ignored
inserted: person
ignored
inserted: will
inserted: continue
ignored
inserted: deliver
ignored
ignored
inserted: until
inserted: either
ignored
inserted: vocal
inserted: cords
inserted: are
inserted: severed
ignored
ignored
ignored
inserted: degrades
ignored
inserted: static
ignored
ignored
inserted: rewinding
ignored
ignored
inserted: initiating
inserted: playback
ignored
ignored
ignored
ignored
inserted: entirely
inserted: new
ignored
inserted: often
inserted: radically
inserted: different
ignored
ignored
inserted: ones
inserted: previously
inserted: observed
inserted: topics
inserted: have
inserted: included
inserted: torture
inserted: child
inserted: molestation
ignored
inserted: ritual
inserted: sacrifice
inserted: trauma
ignored
ignored
ignored
inserted: also
ignored
ignored
ignored
inserted: divergent
ignored
inserted: impalement
inserted: genital
inserted: mutilation
ignored
inserted: redacted
inserted: having
inserted: all
ignored
ignored
ignored
inserted: roughly
inserted: one
ignored
inserted: seven
ignored
ignored
ignored
ignored
inserted: figure
inserted: clothed
ignored
inserted: black
inserted: robes
ignored
ignored
inserted: conical
inserted: hood
ignored
ignored
inserted: replaced
ignored
inserted: random
inserted: member
ignored
inserted: reagans
ignored
inserted: detail
inserted: henceforth
inserted: referred
ignored
ignored
ignored
ignored
inserted: significance
ignored
ignored
inserted: appearance
ignored
ignored
ignored
inserted: currently
inserted: unknown
ignored
inserted: speeches
inserted: delivered
ignored
ignored
ignored
inserted: mostly
inserted: incoherent
inserted: lacking
ignored
inserted: sort
ignored
inserted: underlying
inserted: thematic
inserted: structure
ignored
inserted: largely
ignored
inserted: composed
ignored
inserted: nonsensical
inserted: anecdotes
ignored
inserted: parables
ignored
inserted: occasionally
inserted: references
ignored
ignored
ignored
inserted: future
inserted: events
ignored
ignored
ignored
ignored
inserted: possibly
ignored
ignored
inserted: about
ignored
inserted: predicted
inserted: such
ignored
ignored
ignored
inserted: terrorist
inserted: attacks
ignored
inserted: result
ignored
ignored
inserted: russian
inserted: elections
ignored
inserted: for
inserted: this
inserted: reason
inserted: rigorous
inserted: time
ignored
inserted: effort
ignored
ignored
inserted: devoted
ignored
ignored
ignored
ignored
ignored
ignored
inserted: each
ignored
inserted: attempts
ignored
inserted: replicate
ignored
inserted: onto
ignored
inserted: similar
ignored
ignored
ignored
inserted: met
ignored
inserted: failure
ignored
inserted: cameras
inserted: used
ignored
ignored
ignored
ignored
ignored
ignored
inserted: broadcasted
ignored
ignored
inserted: succeeded
ignored
inserted: capturing
inserted: individual
inserted: playbacks
ignored
inserted: observations
inserted: performed
ignored
ignored
inserted: must
ignored
inserted: recorded
ignored
ignored
inserted: camcorder
ignored
ignored
ignored
ignored
inserted: subsequent
inserted: review
ignored
inserted: dr
inserted: project
inserted: supervisor
inserted: years
ignored
inserted: natural
ignored
inserted: interference
ignored
inserted: severely
inserted: degraded
ignored
inserted: signal
inserted: quality
inserted: making
ignored
inserted: even
inserted: more
inserted: difficult
ignored
inserted: sift
inserted: meaningful
inserted: information
ignored
ignored
inserted: additionally
ignored
inserted: gruesome
inserted: nature
ignored
ignored
inserted: mutilations
ignored
ignored
ignored
ignored
ignored
inserted: described
ignored
inserted: extremely
inserted: disturbing
ignored
ignored
ignored
ignored
ignored
ignored
inserted: recommended
ignored
ignored
ignored
inserted: feeling
inserted: squeamish
ignored
inserted: ill
inserted: after
ignored
inserted: visit
ignored
ignored
ignored
inserted: psychiatry
inserted: facility
ignored
ignored
ignored
inserted: evaluation
ignored
ignored
ignored
ignored
inserted: alive
ignored
ignored
ignored
ignored
ignored
ignored
ignored
inserted: surveillance
inserted: net
ignored
inserted: deployed
ignored
inserted: establish
ignored
inserted: relation
inserted: between
inserted: him
ignored
ignored
ignored
ignored
inserted: connection
ignored
inserted: developed
ignored
ignored
ignored
inserted: frequently
inserted: complain
ignored
inserted: nightmares
ignored
ignored
inserted: mental
inserted: state
inserted: degenerated
inserted: due
ignored
inserted: alzheimers
inserted: excerpt
ignored
ignored
inserted: transcript
ignored
ignored
ignored
ignored
ignored
ignored
ignored
ignored
ignored
ignored
ignored
ignored
ignored
ignored
ignored
ignored
ignored
ignored
ignored
ignored
ignored
ignored
ignored
ignored
dictionary saved in file slownik.dict
